---

Symbol: test_function
/TEST_OUTPUT/workspace/src/types.rs
Kind: Function
Range: L80:C1 - L83:C2

80|// A simple function for testing
81|pub fn test_function() -> String {
82|    String::from("test function")
83|}

