(class) TestClass

A test class with methods and attributes.