(class) DerivedClass

A class that inherits from BaseClass.