failed to get hover information: request failed: line number 999 out of range 0-40 (code: 0)