---

Symbol: TestInterface
/TEST_OUTPUT/workspace/main.ts
Kind: Interface
Range: L8:C1 - L11:C2

 8|export interface TestInterface {
 9|  method(): void;
10|  property: string;
11|}

