---

Symbol: DerivedClass
/TEST_OUTPUT/workspace/main.py
Kind: Class
Range: L70:C1 - L75:C13

70|class DerivedClass(BaseClass):
71|    """A class that inherits from BaseClass."""
72|
73|    def derived_method(self) -> None:
74|        """A method defined in the derived class."""
75|        pass

