Successfully renamed symbol to 'UPDATED_CONSTANT'.
Updated 6 occurrences across 3 files.