---

/TEST_OUTPUT/workspace/main.ts
References in File: 1
At: L37:C15

36|function main() {
37|  console.log(TestFunction());
38|  const instance = new TestClass();
39|  instance.method();
40|}
