failed to get hover information: request failed: <semantic> TypeScript Server Error (5.7.3)
Debug Failure. Bad line number. Line: 999, lineStarts.length: 44 , line map is correct? true
Error: Debug Failure. Bad line number. Line: 999, lineStarts.length: 44 , line map is correct? true
    at computePositionOfLineAndCharacter (/opt/homebrew/lib/node_modules/typescript/lib/typescript.js:11571:13)
    at TextStorage.lineOffsetToPosition (/opt/homebrew/lib/node_modules/typescript/lib/typescript.js:185061:59)
    at ScriptInfo.lineOffsetToPosition (/opt/homebrew/lib/node_modules/typescript/lib/typescript.js:185369:29)
    at IpcIOSession.getPosition (/opt/homebrew/lib/node_modules/typescript/lib/typescript.js:194275:66)
    at IpcIOSession.getQuickInfoWorker (/opt/homebrew/lib/node_modules/typescript/lib/typescript.js:194355:86)
    at quickinfo (/opt/homebrew/lib/node_modules/typescript/lib/typescript.js:192651:43)
    at /opt/homebrew/lib/node_modules/typescript/lib/typescript.js:195231:15
    at IpcIOSession.executeWithRequestId (/opt/homebrew/lib/node_modules/typescript/lib/typescript.js:195220:14)
    at IpcIOSession.executeCommand (/opt/homebrew/lib/node_modules/typescript/lib/typescript.js:195229:29)
    at IpcIOSession.onMessage (/opt/homebrew/lib/node_modules/typescript/lib/typescript.js:195277:68)
    at process.<anonymous> (/opt/homebrew/lib/node_modules/typescript/lib/_tsserver.js:525:14)
    at process.emit (node:events:507:28)
    at emit (node:internal/child_process:949:14)
    at process.processTicksAndRejections (node:internal/process/task_queues:91:21) (code: 1)