failed to rename symbol: request failed: No references found at position (code: -32602)