Successfully renamed symbol to 'UPDATED_CONSTANT'.
Updated 5 occurrences across 3 files.