===
Symbol: TestConstant
/TEST_OUTPUT/workspace/clean.go
Kind: Constant
Container Name: github.com/isaacphi/mcp-language-server/integrationtests/test-output/go/workspace
Start Position: Line 25, Column 1
End Position: Line 25, Column 38
===
25|const TestConstant = "constant value"

