---

Symbol: TEST_CONSTANT
/TEST_OUTPUT/workspace/src/types.rs
Kind: Constant
Range: L3:C1 - L4:C55

3|// A simple constant
4|pub const TEST_CONSTANT: &str = "test constant value";

