---

Symbol: TestStruct
/TEST_OUTPUT/workspace/src/types.rs
Kind: Struct
Range: L12:C1 - L16:C2

12|// A struct for testing
13|pub struct TestStruct {
14|    pub name: String,
15|    pub value: i32,
16|}

