failed to rename symbol: request failed: column is beyond end of line (code: 0)