test_workspace::types

pub const TEST_CONSTANT: &str = "test constant value"