test_workspace::types::TestStruct

pub fn method(&self) -> String