Successfully applied text edits. 1 lines removed, 2 lines added.