Successfully applied text edits.
WARNING: line numbers may have changed. Re-read code before applying additional edits.