No hover information available for this position on the following line:
